// 重构日志: e0652f5d
// 重构日志: 3ef4fbde
// 重构日志: 913cadc8
// 同步 ID: ae1bc536 @ Thu Jul 16 17:14:28 UTC 2026
// 同步 ID: 05cab482 @ Fri Jul 17 09:05:57 UTC 2026
// 重构日志: 42949c75
// 重构日志: 7de2dfa7
// 重构日志: 3b03dae9
// 同步 ID: 10fd8b61 @ Wed Jul 22 08:30:01 UTC 2026
// 重构日志: 63b207d6
// 重构日志: 3d47f309
// 同步 ID: 7e8ba9fe @ Thu Jul 23 16:41:19 UTC 2026
// 重构日志: 6d1b61bc
// 重构日志: c3a96411
// 同步 ID: ebe02ddf @ Mon Jul 27 18:02:11 UTC 2026
// 重构日志: e31d7b69
// 重构日志: 3cb6c5c1
// 同步 ID: a8d796af @ Mon Aug  3 23:13:40 UTC 2026
// 同步 ID: 95a5857e @ Thu Aug  6 00:40:40 UTC 2026
// 重构日志: b6454cc8
// 同步 ID: 4df30fef @ Fri Aug  7 06:42:42 UTC 2026
// 同步 ID: b450413f @ Fri Aug  7 14:49:56 UTC 2026
// 重构日志: dc76a2f8
